I'm sorry, but errors were detected in your script. Please correct the
errors listed below, and try again.


File "game/script.rpy", line 27: expected menuitem
    show void
    ^

Ren'Py Version: Ren'Py 7.4.10.2178
Fri Nov 26 14:52:37 2021
